base64 0.01
base64 0.02
base64 0.03
base64 0.04
base64 0.05
base64 0.06
base64 0.07
base64 0.08
base64 0.09
base64 0.1
step64 0.01
step64 0.02
step64 0.03
step64 0.04
step64 0.05
step64 0.06
step64 0.07
step64 0.08
step64 0.09
step64 0.1
grid128 0.01
grid128 0.02
grid128 0.03
grid128 0.04
grid128 0.05
grid128 0.06
grid128 0.07
grid128 0.08
grid128 0.09
grid128 0.1
snapshot_coarse 0.02
snapshot_coarse 0.04
snapshot_coarse 0.06
snapshot_coarse 0.08
snapshot_coarse 0.1
