3
 energy: -5.768645370900 gnorm: 0.007261657138 xtb: 6.7.1pre (5071a88)
O            0.00000000000000        0.00000000000000        0.00000000000000
H            0.75906199079409        0.00000000000000        0.58772858883307
H           -0.75906199079409        0.00000000000000        0.58772858883307
3
 energy: -5.768725573897 gnorm: 0.004580368488 xtb: 6.7.1pre (5071a88)
O           -0.00000000000000        0.00000000000000        0.00469889858510
H            0.76371736132234       -0.00000000000000        0.58537913954052
H           -0.76371736132234       -0.00000000000000        0.58537913954052
3
 energy: -5.768774838780 gnorm: 0.000358993158 xtb: 6.7.1pre (5071a88)
O           -0.00000000000000        0.00000000000000        0.01220061268949
H            0.77079688676985       -0.00000000000000        0.58162828248833
H           -0.77079688676985       -0.00000000000000        0.58162828248833
3
 energy: -5.768774918844 gnorm: 0.000096198432 xtb: 6.7.1pre (5071a88)
O           -0.00000000000000        0.00000000000000        0.01258412166299
H            0.77092041428068       -0.00000000000000        0.58143652800158
H           -0.77092041428068       -0.00000000000000        0.58143652800158
3
 energy: -5.768774928986 gnorm: 0.000008072659 xtb: 6.7.1pre (5071a88)
O            0.00000000000861        0.00000000000000        0.01246714379398
H            0.77084209572657       -0.00000000000000        0.58149501693275
H           -0.77084209573518       -0.00000000000000        0.58149501693941
