{
  "summary": {
    "38": {
      "global_point_FTLE": {
        "direction_original": {
          "same_label_RMSE": {
            "mean": 0.21929963764283597,
            "descriptive_ci95": [
              0.20040138956058806,
              0.2381978857250839
            ],
            "independent_runs": 4
          },
          "event_disagreement_fraction": {
            "mean": 0.17822265625,
            "descriptive_ci95": [
              0.12890625,
              0.2275390625
            ],
            "independent_runs": 4
          },
          "event_Jaccard": {
            "mean": 0.29697490455790637,
            "descriptive_ci95": [
              0.20223214285714286,
              0.3917176662586699
            ],
            "independent_runs": 4
          },
          "correlation": {
            "mean": 0.6803408919113114,
            "descriptive_ci95": [
              0.6368950995137964,
              0.7096906728207913
            ],
            "independent_runs": 4
          }
        },
        "direction_global_mirror": {
          "same_label_RMSE": {
            "mean": 0.22559136750737696,
            "descriptive_ci95": [
              0.20773352958583863,
              0.24344920542891532
            ],
            "independent_runs": 4
          },
          "event_disagreement_fraction": {
            "mean": 0.18603515625,
            "descriptive_ci95": [
              0.1328125,
              0.2392578125
            ],
            "independent_runs": 4
          },
          "event_Jaccard": {
            "mean": 0.3265080688224869,
            "descriptive_ci95": [
              0.20089096949562063,
              0.4263163668275559
            ],
            "independent_runs": 4
          },
          "correlation": {
            "mean": 0.6980616050497261,
            "descriptive_ci95": [
              0.6188566384225896,
              0.7471127186879523
            ],
            "independent_runs": 4
          }
        },
        "global_mirror_normal": {
          "same_label_RMSE": {
            "mean": 0.30578090375077643,
            "descriptive_ci95": [
              0.24993562148420878,
              0.36162618601734414
            ],
            "independent_runs": 4
          },
          "event_disagreement_fraction": {
            "mean": 0.22705078125,
            "descriptive_ci95": [
              0.0986328125,
              0.35546875
            ],
            "independent_runs": 4
          },
          "event_Jaccard": {
            "mean": 0.16094893428899298,
            "descriptive_ci95": [
              0.12793235133660663,
              0.21955128205128205
            ],
            "independent_runs": 4
          },
          "correlation": {
            "mean": 0.16993569263275748,
            "descriptive_ci95": [
              0.053018463169806455,
              0.2988486607005654
            ],
            "independent_runs": 4
          }
        },
        "global_mirror_reversed": {
          "same_label_RMSE": {
            "mean": 0.3776249563099638,
            "descriptive_ci95": [
              0.2999657981747452,
              0.45528411444518224
            ],
            "independent_runs": 4
          },
          "event_disagreement_fraction": {
            "mean": 0.29541015625,
            "descriptive_ci95": [
              0.1845703125,
              0.40625
            ],
            "independent_runs": 4
          },
          "event_Jaccard": {
            "mean": 0.21507396270270182,
            "descriptive_ci95": [
              0.19076329845214737,
              0.237453007518797
            ],
            "independent_runs": 4
          },
          "correlation": {
            "mean": 0.21087747843886986,
            "descriptive_ci95": [
              0.08785747848790676,
              0.3522830547116268
            ],
            "independent_runs": 4
          }
        }
      },
      "anchored_cloud_factorial": {
        "arrangement_average": {
          "mean": 0.18114182357322337,
          "descriptive_ci95": [
            0.1521400626142213,
            0.21014358453222542
          ],
          "independent_runs": 4
        },
        "direction_average": {
          "mean": 0.2524898165499097,
          "descriptive_ci95": [
            0.22374109430376435,
            0.2956457529438092
          ],
          "independent_runs": 4
        },
        "interaction_difference_in_differences": {
          "mean": 0.37042548802474606,
          "descriptive_ci95": [
            0.2814713909815738,
            0.46385553626097276
          ],
          "independent_runs": 4
        }
      },
      "anchored_pair_distance_factorial": {
        "arrangement_average": {
          "mean": 0.031194368108294797,
          "descriptive_ci95": [
            0.02496244010939113,
            0.03742629610719847
          ],
          "independent_runs": 4
        },
        "direction_average": {
          "mean": 0.21319222704142027,
          "descriptive_ci95": [
            0.19036271708767688,
            0.23602173699516363
          ],
          "independent_runs": 4
        },
        "interaction_difference_in_differences": {
          "mean": 0.3722037013422093,
          "descriptive_ci95": [
            0.3228260413614281,
            0.4231724259376416
          ],
          "independent_runs": 4
        }
      }
    },
    "56": {
      "global_point_FTLE": {
        "direction_original": {
          "same_label_RMSE": {
            "mean": 0.21996748502218905,
            "descriptive_ci95": [
              0.20078432924881207,
              0.23762624482799555
            ],
            "independent_runs": 4
          },
          "event_disagreement_fraction": {
            "mean": 0.18017578125,
            "descriptive_ci95": [
              0.134765625,
              0.2255859375
            ],
            "independent_runs": 4
          },
          "event_Jaccard": {
            "mean": 0.30356250746797525,
            "descriptive_ci95": [
              0.1971947194719472,
              0.40993029546400334
            ],
            "independent_runs": 4
          },
          "correlation": {
            "mean": 0.6838555228520345,
            "descriptive_ci95": [
              0.6394184334292213,
              0.7151734767495679
            ],
            "independent_runs": 4
          }
        },
        "direction_global_mirror": {
          "same_label_RMSE": {
            "mean": 0.22606767177854453,
            "descriptive_ci95": [
              0.20735688412898753,
              0.24477845942810159
            ],
            "independent_runs": 4
          },
          "event_disagreement_fraction": {
            "mean": 0.19189453125,
            "descriptive_ci95": [
              0.140625,
              0.2431640625
            ],
            "independent_runs": 4
          },
          "event_Jaccard": {
            "mean": 0.33319148952548544,
            "descriptive_ci95": [
              0.20468215428760622,
              0.43417219364036447
            ],
            "independent_runs": 4
          },
          "correlation": {
            "mean": 0.7022001128781374,
            "descriptive_ci95": [
              0.6260646220805862,
              0.7500988885065409
            ],
            "independent_runs": 4
          }
        },
        "global_mirror_normal": {
          "same_label_RMSE": {
            "mean": 0.30562912015608723,
            "descriptive_ci95": [
              0.24895287089859439,
              0.36230536941358016
            ],
            "independent_runs": 4
          },
          "event_disagreement_fraction": {
            "mean": 0.228515625,
            "descriptive_ci95": [
              0.09765625,
              0.359375
            ],
            "independent_runs": 4
          },
          "event_Jaccard": {
            "mean": 0.17934356730765125,
            "descriptive_ci95": [
              0.1465262030738221,
              0.2266949152542373
            ],
            "independent_runs": 4
          },
          "correlation": {
            "mean": 0.17478896071437533,
            "descriptive_ci95": [
              0.058668211587367056,
              0.30711175458926804
            ],
            "independent_runs": 4
          }
        },
        "global_mirror_reversed": {
          "same_label_RMSE": {
            "mean": 0.3807910488314506,
            "descriptive_ci95": [
              0.30148976330171035,
              0.4594206107642466
            ],
            "independent_runs": 4
          },
          "event_disagreement_fraction": {
            "mean": 0.3056640625,
            "descriptive_ci95": [
              0.193359375,
              0.41796875
            ],
            "independent_runs": 4
          },
          "event_Jaccard": {
            "mean": 0.21872502984262948,
            "descriptive_ci95": [
              0.19587318322162814,
              0.23561332499138138
            ],
            "independent_runs": 4
          },
          "correlation": {
            "mean": 0.20987631939765666,
            "descriptive_ci95": [
              0.08341397383658711,
              0.3587584082136107
            ],
            "independent_runs": 4
          }
        }
      },
      "anchored_cloud_factorial": {
        "arrangement_average": {
          "mean": 0.18274593327108415,
          "descriptive_ci95": [
            0.15351796428382414,
            0.21197390225834417
          ],
          "independent_runs": 4
        },
        "direction_average": {
          "mean": 0.2547272124485783,
          "descriptive_ci95": [
            0.2254350572651773,
            0.2990607044574799
          ],
          "independent_runs": 4
        },
        "interaction_difference_in_differences": {
          "mean": 0.3751460259662272,
          "descriptive_ci95": [
            0.28409153941259063,
            0.46921161503994213
          ],
          "independent_runs": 4
        }
      },
      "anchored_pair_distance_factorial": {
        "arrangement_average": {
          "mean": 0.031530449358470304,
          "descriptive_ci95": [
            0.02515140942019337,
            0.037909489296747235
          ],
          "independent_runs": 4
        },
        "direction_average": {
          "mean": 0.21532225405306038,
          "descriptive_ci95": [
            0.19267096330855688,
            0.23797354479756397
          ],
          "independent_runs": 4
        },
        "interaction_difference_in_differences": {
          "mean": 0.3738999875306394,
          "descriptive_ci95": [
            0.3242776253820143,
            0.42473774242115336
          ],
          "independent_runs": 4
        }
      }
    }
  },
  "half_step": {
    "global": {
      "original_normal": {
        "same_label_RMSE": 0.0006532097170102885,
        "same_label_MAE": 0.0004364835413743416,
        "mean_reversed_minus_normal": -1.9182137793608087e-06,
        "normal_mean": 0.6882461962967416,
        "reversed_mean": 0.6882442780829623,
        "correlation": 0.9999946559861599,
        "normal_events": 28,
        "reversed_events": 28,
        "intersection": 28,
        "event_disagreement_fraction": 0.0,
        "event_Jaccard": 1.0
      },
      "original_reversed": {
        "same_label_RMSE": 0.000632184535470375,
        "same_label_MAE": 0.00042528723446518614,
        "mean_reversed_minus_normal": -5.211114984420175e-05,
        "normal_mean": 0.720980392418991,
        "reversed_mean": 0.7209282812691469,
        "correlation": 0.9999961747757163,
        "normal_events": 56,
        "reversed_events": 56,
        "intersection": 56,
        "event_disagreement_fraction": 0.0,
        "event_Jaccard": 1.0
      },
      "mirror_normal": {
        "same_label_RMSE": 0.0005928681291235364,
        "same_label_MAE": 0.0003893970135462345,
        "mean_reversed_minus_normal": -1.672422776929889e-05,
        "normal_mean": 0.6935270301644048,
        "reversed_mean": 0.6935103059366354,
        "correlation": 0.9999951228870269,
        "normal_events": 27,
        "reversed_events": 27,
        "intersection": 27,
        "event_disagreement_fraction": 0.0,
        "event_Jaccard": 1.0
      },
      "mirror_reversed": {
        "same_label_RMSE": 0.0006668620205778549,
        "same_label_MAE": 0.000451451372247105,
        "mean_reversed_minus_normal": 3.075138185631223e-05,
        "normal_mean": 0.7261627016088303,
        "reversed_mean": 0.7261934529906866,
        "correlation": 0.9999964009369781,
        "normal_events": 66,
        "reversed_events": 66,
        "intersection": 66,
        "event_disagreement_fraction": 0.0,
        "event_Jaccard": 1.0
      }
    },
    "cloud": {
      "original_normal": {
        "same_label_RMSE": 6.583949887894502e-06,
        "same_label_MAE": 4.616294211470204e-06,
        "mean_reversed_minus_normal": -2.514177608838762e-06,
        "normal_mean": 0.5821376919634937,
        "reversed_mean": 0.5821351777858849,
        "correlation": 0.9999999996158877
      },
      "original_reversed": {
        "same_label_RMSE": 5.40033953681369e-06,
        "same_label_MAE": 3.7900475943638504e-06,
        "mean_reversed_minus_normal": -2.056309293496883e-06,
        "normal_mean": 0.5839569196760199,
        "reversed_mean": 0.5839548633667264,
        "correlation": 0.9999999997761058
      },
      "mirror_normal": {
        "same_label_RMSE": 6.734411182216721e-06,
        "same_label_MAE": 4.8141904053885165e-06,
        "mean_reversed_minus_normal": -2.16075786618091e-06,
        "normal_mean": 0.5866691090707539,
        "reversed_mean": 0.5866669483128876,
        "correlation": 0.9999999995809525
      },
      "mirror_reversed": {
        "same_label_RMSE": 5.692555491622078e-06,
        "same_label_MAE": 3.894412183319757e-06,
        "mean_reversed_minus_normal": -2.2901417377470343e-06,
        "normal_mean": 0.6106071157394878,
        "reversed_mean": 0.61060482559775,
        "correlation": 0.9999999997730943
      }
    },
    "pair": {
      "original_normal": {
        "same_label_RMSE": 2.9616042051513996e-06,
        "same_label_MAE": 2.133168302261024e-06,
        "mean_reversed_minus_normal": -9.169077242381028e-07,
        "normal_mean": 0.04154417282301129,
        "reversed_mean": 0.041543255915287056,
        "correlation": 0.9999999997997367
      },
      "original_reversed": {
        "same_label_RMSE": 1.926440198596698e-06,
        "same_label_MAE": 1.4387564197862275e-06,
        "mean_reversed_minus_normal": 2.4857112187153655e-07,
        "normal_mean": 0.03212710433168777,
        "reversed_mean": 0.032127352902809644,
        "correlation": 0.9999999999117808
      },
      "mirror_normal": {
        "same_label_RMSE": 2.898537032340986e-06,
        "same_label_MAE": 2.100867129732149e-06,
        "mean_reversed_minus_normal": -6.771821054477482e-07,
        "normal_mean": 0.039450094495074015,
        "reversed_mean": 0.03944941731296857,
        "correlation": 0.999999999773562
      },
      "mirror_reversed": {
        "same_label_RMSE": 2.068732801514743e-06,
        "same_label_MAE": 1.4794059888240198e-06,
        "mean_reversed_minus_normal": -2.463016495288696e-08,
        "normal_mean": 0.0366470090385784,
        "reversed_mean": 0.036646984408413436,
        "correlation": 0.9999999998721705
      }
    }
  }
}
