3
 energy: -5.055411720466 gnorm: 0.128434956163 xtb: 6.7.1pre (5071a88)
O            0.00000000000000        0.00000000000000        0.00000000000000
H            0.78151397701873        0.00000000000000        0.71612562007260
H           -0.78151397701873        0.00000000000000        0.71612562007260
3
 energy: -5.068154452252 gnorm: 0.057328596206 xtb: 6.7.1pre (5071a88)
O            0.00000000574675        0.00000000000000        0.06060417358269
H            0.77550623441126       -0.00000000000000        0.68582353064682
H           -0.77550624015801       -0.00000000000000        0.68582353591569
3
 energy: -5.070079006891 gnorm: 0.026864265154 xtb: 6.7.1pre (5071a88)
O            0.00000000574675        0.00000000000000        0.10069262221873
H            0.75590992356838       -0.00000000000000        0.66577930632880
H           -0.75590992931513       -0.00000000000000        0.66577931159767
3
 energy: -5.070532209185 gnorm: 0.003888265572 xtb: 6.7.1pre (5071a88)
O           -0.00000000280033        0.00000000000000        0.09814853985415
H            0.77529933382579       -0.00000000000000        0.66705135142925
H           -0.77529933102546       -0.00000000000000        0.66705134886179
3
 energy: -5.070544407026 gnorm: 0.000258784879 xtb: 6.7.1pre (5071a88)
O            0.00000000040058        0.00000000000000        0.09794309403998
H            0.77225769183200       -0.00000000000000        0.66715407286898
H           -0.77225769223258       -0.00000000000000        0.66715407323625
3
 energy: -5.070544436811 gnorm: 0.000134514850 xtb: 6.7.1pre (5071a88)
O           -0.00000000024958        0.00000000000000        0.09811222231489
H            0.77215440983755       -0.00000000000000        0.66706950902957
H           -0.77215440958796       -0.00000000000000        0.66706950880074
3
 energy: -5.070544447823 gnorm: 0.000000141467 xtb: 6.7.1pre (5071a88)
O           -0.00000000001619        0.00000000000000        0.09805368349401
H            0.77218888231224       -0.00000000000000        0.66709877833301
H           -0.77218888229604       -0.00000000000000        0.66709877831817
