{
  "summary": {
    "38": {
      "same_label_RMSE": {
        "mean": 0.21929963764283597,
        "descriptive_ci95": [
          0.20040138956058806,
          0.2381978857250839
        ],
        "independent_runs": 4
      },
      "event_disagreement_fraction": {
        "mean": 0.17822265625,
        "descriptive_ci95": [
          0.12890625,
          0.2275390625
        ],
        "independent_runs": 4
      },
      "event_Jaccard": {
        "mean": 0.29697490455790637,
        "descriptive_ci95": [
          0.20223214285714286,
          0.3917176662586699
        ],
        "independent_runs": 4
      },
      "mean_reversed_minus_normal": {
        "mean": 0.04930869993442406,
        "descriptive_ci95": [
          0.0388472685512122,
          0.05721953524671594
        ],
        "independent_runs": 4
      },
      "correlation": {
        "mean": 0.6803408919113114,
        "descriptive_ci95": [
          0.6368950995137964,
          0.7096906728207913
        ],
        "independent_runs": 4
      }
    },
    "56": {
      "same_label_RMSE": {
        "mean": 0.21996748502218905,
        "descriptive_ci95": [
          0.20078432924881207,
          0.23762624482799555
        ],
        "independent_runs": 4
      },
      "event_disagreement_fraction": {
        "mean": 0.18017578125,
        "descriptive_ci95": [
          0.134765625,
          0.2255859375
        ],
        "independent_runs": 4
      },
      "event_Jaccard": {
        "mean": 0.30356250746797525,
        "descriptive_ci95": [
          0.1971947194719472,
          0.40993029546400334
        ],
        "independent_runs": 4
      },
      "mean_reversed_minus_normal": {
        "mean": 0.051299361548528676,
        "descriptive_ci95": [
          0.0392162059219371,
          0.059228015048856934
        ],
        "independent_runs": 4
      },
      "correlation": {
        "mean": 0.6838555228520345,
        "descriptive_ci95": [
          0.6394184334292213,
          0.7151734767495679
        ],
        "independent_runs": 4
      }
    }
  },
  "grid_comparisons": {
    "1024": {
      "normal": {
        "same_label_RMSE": 0.034633473372089565,
        "same_label_MAE": 0.02154119530362191,
        "mean_reversed_minus_normal": 0.004513200184198266,
        "normal_mean": 0.6837329961125432,
        "reversed_mean": 0.6882461962967416,
        "correlation": 0.9851600085165849,
        "normal_events": 29,
        "reversed_events": 28,
        "intersection": 27,
        "event_disagreement_fraction": 0.005859375,
        "event_Jaccard": 0.9
      },
      "reversed": {
        "same_label_RMSE": 0.02954317735270806,
        "same_label_MAE": 0.020006692657576652,
        "mean_reversed_minus_normal": 0.0037819981573035417,
        "normal_mean": 0.7171983942616876,
        "reversed_mean": 0.720980392418991,
        "correlation": 0.9916819547296205,
        "normal_events": 54,
        "reversed_events": 56,
        "intersection": 54,
        "event_disagreement_fraction": 0.00390625,
        "event_Jaccard": 0.9642857142857143
      },
      "branch_contrast_grid_RMSE": 0.04368488819091789,
      "branch_contrast_grid_error_over_fine_contrast_RMS": 0.22882498778556062,
      "starting_marker_grid_RMS": 0.001464977159232731
    },
    "1025": {
      "normal": {
        "same_label_RMSE": 0.044045248004096677,
        "same_label_MAE": 0.027637678445057573,
        "mean_reversed_minus_normal": 0.0036885642977324447,
        "normal_mean": 0.7931595751457183,
        "reversed_mean": 0.7968481394434508,
        "correlation": 0.9851012029018514,
        "normal_events": 89,
        "reversed_events": 97,
        "intersection": 85,
        "event_disagreement_fraction": 0.03125,
        "event_Jaccard": 0.8415841584158416
      },
      "reversed": {
        "same_label_RMSE": 0.04469285378398086,
        "same_label_MAE": 0.029730727538782135,
        "mean_reversed_minus_normal": 0.007357919861316232,
        "normal_mean": 0.8481524549031343,
        "reversed_mean": 0.8555103747644507,
        "correlation": 0.9905116297858211,
        "normal_events": 142,
        "reversed_events": 147,
        "intersection": 135,
        "event_disagreement_fraction": 0.037109375,
        "event_Jaccard": 0.8766233766233766
      },
      "branch_contrast_grid_RMSE": 0.0526365648933484,
      "branch_contrast_grid_error_over_fine_contrast_RMS": 0.2284488849703634,
      "starting_marker_grid_RMS": 0.0020736931735995325
    },
    "1026": {
      "normal": {
        "same_label_RMSE": 0.02740146262689738,
        "same_label_MAE": 0.01838982905545617,
        "mean_reversed_minus_normal": 0.0015183446977651374,
        "normal_mean": 0.6893708662550442,
        "reversed_mean": 0.6908892109528093,
        "correlation": 0.9924974592093836,
        "normal_events": 39,
        "reversed_events": 42,
        "intersection": 35,
        "event_disagreement_fraction": 0.021484375,
        "event_Jaccard": 0.7608695652173914
      },
      "reversed": {
        "same_label_RMSE": 0.03291053941173599,
        "same_label_MAE": 0.020509760900665055,
        "mean_reversed_minus_normal": 0.0061952335767963065,
        "normal_mean": 0.7387011973501643,
        "reversed_mean": 0.7448964309269606,
        "correlation": 0.9935781807472601,
        "normal_events": 78,
        "reversed_events": 82,
        "intersection": 75,
        "event_disagreement_fraction": 0.01953125,
        "event_Jaccard": 0.8823529411764706
      },
      "branch_contrast_grid_RMSE": 0.0399028238966964,
      "branch_contrast_grid_error_over_fine_contrast_RMS": 0.18671670169779925,
      "starting_marker_grid_RMS": 0.0014174197865344492
    },
    "1027": {
      "normal": {
        "same_label_RMSE": 0.03195474492463556,
        "same_label_MAE": 0.021837714940806493,
        "mean_reversed_minus_normal": 0.0049571191245735575,
        "normal_mean": 0.8380136238219211,
        "reversed_mean": 0.8429707429464948,
        "correlation": 0.9925935531223864,
        "normal_events": 136,
        "reversed_events": 138,
        "intersection": 131,
        "event_disagreement_fraction": 0.0234375,
        "event_Jaccard": 0.916083916083916
      },
      "reversed": {
        "same_label_RMSE": 0.037366375143329064,
        "same_label_MAE": 0.025461803223094118,
        "mean_reversed_minus_normal": 0.005304723165271768,
        "normal_mean": 0.8974598145579371,
        "reversed_mean": 0.9027645377232089,
        "correlation": 0.9937142910203774,
        "normal_events": 172,
        "reversed_events": 175,
        "intersection": 169,
        "event_disagreement_fraction": 0.017578125,
        "event_Jaccard": 0.949438202247191
      },
      "branch_contrast_grid_RMSE": 0.04767330561087799,
      "branch_contrast_grid_error_over_fine_contrast_RMS": 0.1947089069303731,
      "starting_marker_grid_RMS": 0.0017946464774671457
    }
  },
  "half_step": {
    "normal": {
      "same_label_RMSE": 0.0006532097170102885,
      "same_label_MAE": 0.0004364835413743416,
      "mean_reversed_minus_normal": -1.9182137793608087e-06,
      "normal_mean": 0.6882461962967416,
      "reversed_mean": 0.6882442780829623,
      "correlation": 0.9999946559861599,
      "normal_events": 28,
      "reversed_events": 28,
      "intersection": 28,
      "event_disagreement_fraction": 0.0,
      "event_Jaccard": 1.0
    },
    "reversed": {
      "same_label_RMSE": 0.000632184535470375,
      "same_label_MAE": 0.00042528723446518614,
      "mean_reversed_minus_normal": -5.211114984420175e-05,
      "normal_mean": 0.720980392418991,
      "reversed_mean": 0.7209282812691469,
      "correlation": 0.9999961747757163,
      "normal_events": 56,
      "reversed_events": 56,
      "intersection": 56,
      "event_disagreement_fraction": 0.0,
      "event_Jaccard": 1.0
    }
  }
}
