3
 energy: -5.056905944478 gnorm: 0.177706862642 xtb: 6.7.1pre (5071a88)
O            0.00000000000000        0.00000000000000        0.00000000000000
H            0.74218447231534        0.00000000000000        0.47282365534521
H           -0.74218447231534        0.00000000000000        0.47282365534521
3
 energy: -5.069454317756 gnorm: 0.031235440773 xtb: 6.7.1pre (5071a88)
O            0.00000000610801        0.00000000000000       -0.02898412822277
H            0.79142491782086       -0.00000000000000        0.48731571751061
H           -0.79142492392887       -0.00000000000000        0.48731572140258
3
 energy: -5.070053926296 gnorm: 0.015441405065 xtb: 6.7.1pre (5071a88)
O            0.00000000308575        0.00000000000000       -0.04027911273211
H            0.79184743683907       -0.00000000000000        0.49296321072816
H           -0.79184743992482       -0.00000000000000        0.49296321269437
3
 energy: -5.070415585331 gnorm: 0.007284765930 xtb: 6.7.1pre (5071a88)
O            0.00000000006208        0.00000000000000       -0.05602487786760
H            0.78547179694611       -0.00000000000000        0.50083609425923
H           -0.78547179700819       -0.00000000000000        0.50083609429879
3
 energy: -5.070502873598 gnorm: 0.005848877968 xtb: 6.7.1pre (5071a88)
O           -0.00000000144888        0.00000000000000       -0.06184598170312
H            0.77916438297311       -0.00000000000000        0.50374664665838
H           -0.77916438152422       -0.00000000000000        0.50374664573516
3
 energy: -5.070542618671 gnorm: 0.001711485477 xtb: 6.7.1pre (5071a88)
O           -0.00000000144888        0.00000000000000       -0.06469001174546
H            0.77287756335478       -0.00000000000000        0.50516866167955
H           -0.77287756190590       -0.00000000000000        0.50516866075633
3
 energy: -5.070544170871 gnorm: 0.000617564358 xtb: 6.7.1pre (5071a88)
O           -0.00000000017430        0.00000000000000       -0.06410329247657
H            0.77176689977548       -0.00000000000000        0.50487530163903
H           -0.77176689960118       -0.00000000000000        0.50487530152797
3
 energy: -5.070544445942 gnorm: 0.000025521650 xtb: 6.7.1pre (5071a88)
O           -0.00000000006809        0.00000000000000       -0.06410388230220
H            0.77223402279863       -0.00000000000000        0.50487559651800
H           -0.77223402273054       -0.00000000000000        0.50487559647462
3
 energy: -5.070544447625 gnorm: 0.000011306174 xtb: 6.7.1pre (5071a88)
O           -0.00000000002383        0.00000000000000       -0.06416234249570
H            0.77217806165707       -0.00000000000000        0.50490482660065
H           -0.77217806163324       -0.00000000000000        0.50490482658547
