1/544 main_c00_v0_A 2.0s
2/544 main_c00_v0_D00 2.1s
3/544 main_c00_v0_D01 2.0s
4/544 main_c00_v0_D02 2.1s
5/544 main_c00_v0_D03 2.1s
6/544 main_c00_v0_D04 1.9s
7/544 main_c00_v0_D05 2.0s
8/544 main_c00_v0_D06 1.8s
9/544 main_c00_v0_D07 2.0s
10/544 main_c00_v0_D08 2.0s
11/544 main_c00_v0_label 1.5s
12/544 main_c00_v1_A 2.1s
13/544 main_c00_v1_D00 1.9s
14/544 main_c00_v1_D01 1.9s
15/544 main_c00_v1_D02 1.9s
16/544 main_c00_v1_D03 1.9s
17/544 main_c00_v1_D04 2.0s
18/544 main_c00_v1_D05 2.0s
19/544 main_c00_v1_D06 1.9s
20/544 main_c00_v1_D07 1.9s
21/544 main_c00_v1_D08 2.1s
22/544 main_c00_v1_label 1.4s
23/544 main_c01_v0_A 2.0s
24/544 main_c01_v0_D00 2.0s
25/544 main_c01_v0_D01 2.1s
26/544 main_c01_v0_D02 2.0s
27/544 main_c01_v0_D03 2.0s
28/544 main_c01_v0_D04 1.9s
29/544 main_c01_v0_D05 2.0s
30/544 main_c01_v0_D06 1.9s
31/544 main_c01_v0_D07 2.1s
32/544 main_c01_v0_D08 2.2s
33/544 main_c01_v0_label 1.4s
34/544 main_c01_v1_A 2.2s
35/544 main_c01_v1_D00 2.2s
36/544 main_c01_v1_D01 2.1s
37/544 main_c01_v1_D02 2.3s
38/544 main_c01_v1_D03 2.2s
39/544 main_c01_v1_D04 2.2s
40/544 main_c01_v1_D05 2.3s
41/544 main_c01_v1_D06 2.2s
42/544 main_c01_v1_D07 2.3s
43/544 main_c01_v1_D08 2.3s
44/544 main_c01_v1_label 1.5s
45/544 main_c02_v0_A 2.2s
46/544 main_c02_v0_D00 2.0s
47/544 main_c02_v0_D01 2.0s
48/544 main_c02_v0_D02 2.2s
49/544 main_c02_v0_D03 2.2s
50/544 main_c02_v0_D04 2.2s
51/544 main_c02_v0_D05 2.3s
52/544 main_c02_v0_D06 2.2s
53/544 main_c02_v0_D07 2.2s
54/544 main_c02_v0_D08 2.0s
55/544 main_c02_v0_label 1.6s
56/544 main_c02_v1_A 2.0s
57/544 main_c02_v1_D00 2.1s
58/544 main_c02_v1_D01 2.1s
59/544 main_c02_v1_D02 2.1s
60/544 main_c02_v1_D03 2.0s
61/544 main_c02_v1_D04 2.0s
62/544 main_c02_v1_D05 1.9s
63/544 main_c02_v1_D06 2.0s
64/544 main_c02_v1_D07 1.9s
65/544 main_c02_v1_D08 2.2s
66/544 main_c02_v1_label 1.5s
67/544 main_c03_v0_A 1.9s
68/544 main_c03_v0_D00 2.1s
69/544 main_c03_v0_D01 2.1s
70/544 main_c03_v0_D02 2.0s
71/544 main_c03_v0_D03 2.0s
72/544 main_c03_v0_D04 2.2s
73/544 main_c03_v0_D05 2.3s
74/544 main_c03_v0_D06 2.2s
75/544 main_c03_v0_D07 2.2s
76/544 main_c03_v0_D08 2.3s
77/544 main_c03_v0_label 1.5s
78/544 main_c03_v1_A 2.1s
79/544 main_c03_v1_D00 2.1s
80/544 main_c03_v1_D01 2.1s
81/544 main_c03_v1_D02 2.1s
82/544 main_c03_v1_D03 2.0s
83/544 main_c03_v1_D04 2.0s
84/544 main_c03_v1_D05 2.2s
85/544 main_c03_v1_D06 2.1s
86/544 main_c03_v1_D07 2.0s
87/544 main_c03_v1_D08 2.0s
88/544 main_c03_v1_label 1.4s
89/544 main_c04_v0_A 2.1s
90/544 main_c04_v0_D00 1.9s
91/544 main_c04_v0_D01 2.1s
92/544 main_c04_v0_D02 2.0s
93/544 main_c04_v0_D03 2.1s
94/544 main_c04_v0_D04 2.1s
95/544 main_c04_v0_D05 2.0s
96/544 main_c04_v0_D06 2.1s
97/544 main_c04_v0_D07 2.2s
98/544 main_c04_v0_D08 2.1s
99/544 main_c04_v0_label 1.6s
100/544 main_c04_v1_A 2.2s
101/544 main_c04_v1_D00 2.2s
102/544 main_c04_v1_D01 2.0s
103/544 main_c04_v1_D02 2.1s
104/544 main_c04_v1_D03 2.1s
105/544 main_c04_v1_D04 2.0s
106/544 main_c04_v1_D05 2.1s
107/544 main_c04_v1_D06 2.2s
108/544 main_c04_v1_D07 2.0s
109/544 main_c04_v1_D08 1.9s
110/544 main_c04_v1_label 1.4s
111/544 main_c05_v0_A 2.1s
112/544 main_c05_v0_D00 2.0s
113/544 main_c05_v0_D01 2.0s
114/544 main_c05_v0_D02 2.3s
115/544 main_c05_v0_D03 2.1s
116/544 main_c05_v0_D04 2.4s
117/544 main_c05_v0_D05 2.5s
118/544 main_c05_v0_D06 2.2s
119/544 main_c05_v0_D07 2.2s
120/544 main_c05_v0_D08 2.1s
121/544 main_c05_v0_label 1.6s
122/544 main_c05_v1_A 2.0s
123/544 main_c05_v1_D00 1.9s
124/544 main_c05_v1_D01 2.1s
125/544 main_c05_v1_D02 2.0s
126/544 main_c05_v1_D03 2.1s
127/544 main_c05_v1_D04 1.9s
128/544 main_c05_v1_D05 2.0s
129/544 main_c05_v1_D06 2.0s
130/544 main_c05_v1_D07 2.0s
131/544 main_c05_v1_D08 2.0s
132/544 main_c05_v1_label 1.3s
133/544 main_c06_v0_A 2.1s
134/544 main_c06_v0_D00 2.1s
135/544 main_c06_v0_D01 2.0s
136/544 main_c06_v0_D02 2.1s
137/544 main_c06_v0_D03 2.1s
138/544 main_c06_v0_D04 1.8s
139/544 main_c06_v0_D05 2.0s
140/544 main_c06_v0_D06 1.9s
141/544 main_c06_v0_D07 1.9s
142/544 main_c06_v0_D08 2.0s
143/544 main_c06_v0_label 1.5s
144/544 main_c06_v1_A 1.9s
145/544 main_c06_v1_D00 2.0s
146/544 main_c06_v1_D01 1.9s
147/544 main_c06_v1_D02 1.8s
148/544 main_c06_v1_D03 2.1s
149/544 main_c06_v1_D04 2.1s
150/544 main_c06_v1_D05 2.1s
151/544 main_c06_v1_D06 1.9s
152/544 main_c06_v1_D07 1.9s
153/544 main_c06_v1_D08 2.1s
154/544 main_c06_v1_label 1.3s
155/544 main_c07_v0_A 2.0s
156/544 main_c07_v0_D00 2.1s
157/544 main_c07_v0_D01 2.0s
158/544 main_c07_v0_D02 2.1s
159/544 main_c07_v0_D03 2.2s
160/544 main_c07_v0_D04 2.1s
161/544 main_c07_v0_D05 2.1s
162/544 main_c07_v0_D06 2.3s
163/544 main_c07_v0_D07 2.4s
164/544 main_c07_v0_D08 2.4s
165/544 main_c07_v0_label 1.6s
166/544 main_c07_v1_A 2.2s
167/544 main_c07_v1_D00 2.2s
168/544 main_c07_v1_D01 2.2s
169/544 main_c07_v1_D02 2.2s
170/544 main_c07_v1_D03 2.1s
171/544 main_c07_v1_D04 2.2s
172/544 main_c07_v1_D05 2.4s
173/544 main_c07_v1_D06 2.2s
174/544 main_c07_v1_D07 2.1s
175/544 main_c07_v1_D08 2.0s
176/544 main_c07_v1_label 1.5s
177/544 main_c08_v0_A 2.4s
178/544 main_c08_v0_D00 2.2s
179/544 main_c08_v0_D01 2.4s
180/544 main_c08_v0_D02 2.4s
181/544 main_c08_v0_D03 2.5s
182/544 main_c08_v0_D04 2.2s
183/544 main_c08_v0_D05 2.1s
184/544 main_c08_v0_D06 2.0s
185/544 main_c08_v0_D07 2.2s
186/544 main_c08_v0_D08 2.3s
187/544 main_c08_v0_label 1.5s
188/544 main_c08_v1_A 2.1s
189/544 main_c08_v1_D00 2.2s
190/544 main_c08_v1_D01 2.2s
191/544 main_c08_v1_D02 2.3s
192/544 main_c08_v1_D03 2.2s
193/544 main_c08_v1_D04 2.2s
194/544 main_c08_v1_D05 2.3s
195/544 main_c08_v1_D06 2.2s
196/544 main_c08_v1_D07 2.1s
197/544 main_c08_v1_D08 2.2s
198/544 main_c08_v1_label 1.5s
199/544 main_c09_v0_A 2.0s
200/544 main_c09_v0_D00 2.2s
201/544 main_c09_v0_D01 2.2s
202/544 main_c09_v0_D02 1.9s
203/544 main_c09_v0_D03 2.0s
204/544 main_c09_v0_D04 1.9s
205/544 main_c09_v0_D05 1.9s
206/544 main_c09_v0_D06 1.7s
207/544 main_c09_v0_D07 1.8s
208/544 main_c09_v0_D08 2.1s
209/544 main_c09_v0_label 1.5s
210/544 main_c09_v1_A 2.1s
211/544 main_c09_v1_D00 2.2s
212/544 main_c09_v1_D01 2.2s
213/544 main_c09_v1_D02 2.2s
214/544 main_c09_v1_D03 1.8s
215/544 main_c09_v1_D04 2.0s
216/544 main_c09_v1_D05 2.0s
217/544 main_c09_v1_D06 2.2s
218/544 main_c09_v1_D07 1.9s
219/544 main_c09_v1_D08 1.9s
220/544 main_c09_v1_label 1.5s
221/544 main_c10_v0_A 2.1s
222/544 main_c10_v0_D00 2.1s
223/544 main_c10_v0_D01 2.0s
224/544 main_c10_v0_D02 2.0s
225/544 main_c10_v0_D03 2.1s
226/544 main_c10_v0_D04 2.0s
227/544 main_c10_v0_D05 2.1s
228/544 main_c10_v0_D06 1.8s
229/544 main_c10_v0_D07 1.8s
230/544 main_c10_v0_D08 1.9s
231/544 main_c10_v0_label 1.3s
232/544 main_c10_v1_A 2.0s
233/544 main_c10_v1_D00 1.8s
234/544 main_c10_v1_D01 1.9s
235/544 main_c10_v1_D02 1.9s
236/544 main_c10_v1_D03 1.9s
237/544 main_c10_v1_D04 1.9s
238/544 main_c10_v1_D05 1.8s
239/544 main_c10_v1_D06 1.9s
240/544 main_c10_v1_D07 2.0s
241/544 main_c10_v1_D08 1.8s
242/544 main_c10_v1_label 1.3s
243/544 main_c11_v0_A 2.0s
244/544 main_c11_v0_D00 1.8s
245/544 main_c11_v0_D01 1.9s
246/544 main_c11_v0_D02 1.8s
247/544 main_c11_v0_D03 1.8s
248/544 main_c11_v0_D04 1.9s
249/544 main_c11_v0_D05 2.0s
250/544 main_c11_v0_D06 1.9s
251/544 main_c11_v0_D07 2.0s
252/544 main_c11_v0_D08 1.9s
253/544 main_c11_v0_label 1.5s
254/544 main_c11_v1_A 2.0s
255/544 main_c11_v1_D00 2.0s
256/544 main_c11_v1_D01 2.0s
257/544 main_c11_v1_D02 2.1s
258/544 main_c11_v1_D03 2.2s
259/544 main_c11_v1_D04 2.0s
260/544 main_c11_v1_D05 2.2s
261/544 main_c11_v1_D06 2.1s
262/544 main_c11_v1_D07 2.3s
263/544 main_c11_v1_D08 2.1s
264/544 main_c11_v1_label 1.4s
265/544 main_c12_v0_A 2.0s
266/544 main_c12_v0_D00 2.1s
267/544 main_c12_v0_D01 2.2s
268/544 main_c12_v0_D02 2.0s
269/544 main_c12_v0_D03 2.1s
270/544 main_c12_v0_D04 2.2s
271/544 main_c12_v0_D05 2.1s
272/544 main_c12_v0_D06 2.2s
273/544 main_c12_v0_D07 2.2s
274/544 main_c12_v0_D08 2.1s
275/544 main_c12_v0_label 1.5s
276/544 main_c12_v1_A 2.0s
277/544 main_c12_v1_D00 2.0s
278/544 main_c12_v1_D01 2.0s
279/544 main_c12_v1_D02 2.0s
280/544 main_c12_v1_D03 2.1s
281/544 main_c12_v1_D04 2.0s
282/544 main_c12_v1_D05 2.0s
283/544 main_c12_v1_D06 2.0s
284/544 main_c12_v1_D07 1.9s
285/544 main_c12_v1_D08 1.8s
286/544 main_c12_v1_label 1.3s
287/544 main_c13_v0_A 2.1s
288/544 main_c13_v0_D00 2.1s
289/544 main_c13_v0_D01 2.3s
290/544 main_c13_v0_D02 2.2s
291/544 main_c13_v0_D03 2.3s
292/544 main_c13_v0_D04 2.2s
293/544 main_c13_v0_D05 2.3s
294/544 main_c13_v0_D06 2.3s
295/544 main_c13_v0_D07 2.4s
296/544 main_c13_v0_D08 2.3s
297/544 main_c13_v0_label 1.5s
298/544 main_c13_v1_A 2.1s
299/544 main_c13_v1_D00 2.0s
300/544 main_c13_v1_D01 2.2s
301/544 main_c13_v1_D02 1.8s
302/544 main_c13_v1_D03 2.3s
303/544 main_c13_v1_D04 2.2s
304/544 main_c13_v1_D05 2.2s
305/544 main_c13_v1_D06 2.4s
306/544 main_c13_v1_D07 2.5s
307/544 main_c13_v1_D08 2.3s
308/544 main_c13_v1_label 1.6s
309/544 main_c14_v0_A 2.3s
310/544 main_c14_v0_D00 2.3s
311/544 main_c14_v0_D01 2.4s
312/544 main_c14_v0_D02 2.3s
313/544 main_c14_v0_D03 2.3s
314/544 main_c14_v0_D04 2.1s
315/544 main_c14_v0_D05 2.2s
316/544 main_c14_v0_D06 2.3s
317/544 main_c14_v0_D07 2.1s
318/544 main_c14_v0_D08 2.2s
319/544 main_c14_v0_label 1.6s
320/544 main_c14_v1_A 2.2s
321/544 main_c14_v1_D00 2.0s
322/544 main_c14_v1_D01 2.2s
323/544 main_c14_v1_D02 2.1s
324/544 main_c14_v1_D03 2.1s
325/544 main_c14_v1_D04 2.1s
326/544 main_c14_v1_D05 2.0s
327/544 main_c14_v1_D06 2.2s
328/544 main_c14_v1_D07 2.0s
329/544 main_c14_v1_D08 2.0s
330/544 main_c14_v1_label 1.5s
331/544 main_c15_v0_A 2.1s
332/544 main_c15_v0_D00 2.2s
333/544 main_c15_v0_D01 2.1s
334/544 main_c15_v0_D02 2.2s
335/544 main_c15_v0_D03 2.1s
336/544 main_c15_v0_D04 2.2s
337/544 main_c15_v0_D05 2.1s
338/544 main_c15_v0_D06 2.1s
339/544 main_c15_v0_D07 2.1s
340/544 main_c15_v0_D08 2.0s
341/544 main_c15_v0_label 1.4s
342/544 main_c15_v1_A 2.0s
343/544 main_c15_v1_D00 2.1s
344/544 main_c15_v1_D01 2.0s
345/544 main_c15_v1_D02 2.0s
346/544 main_c15_v1_D03 2.0s
347/544 main_c15_v1_D04 2.2s
348/544 main_c15_v1_D05 2.0s
349/544 main_c15_v1_D06 2.1s
350/544 main_c15_v1_D07 2.1s
351/544 main_c15_v1_D08 2.3s
352/544 main_c15_v1_label 1.5s
353/544 long_c00_v0_A 4.2s
354/544 long_c00_v0_D00 4.2s
355/544 long_c00_v0_D08 4.4s
356/544 long_c00_v1_A 4.0s
357/544 long_c00_v1_D00 3.9s
358/544 long_c00_v1_D08 3.9s
359/544 long_c01_v0_A 4.1s
360/544 long_c01_v0_D00 3.9s
361/544 long_c01_v0_D08 4.0s
362/544 long_c01_v1_A 4.0s
363/544 long_c01_v1_D00 4.1s
364/544 long_c01_v1_D08 4.0s
365/544 long_c02_v0_A 4.0s
366/544 long_c02_v0_D00 4.1s
367/544 long_c02_v0_D08 4.2s
368/544 long_c02_v1_A 4.1s
369/544 long_c02_v1_D00 4.2s
370/544 long_c02_v1_D08 4.2s
371/544 long_c03_v0_A 4.2s
372/544 long_c03_v0_D00 4.2s
373/544 long_c03_v0_D08 4.4s
374/544 long_c03_v1_A 4.1s
375/544 long_c03_v1_D00 4.5s
376/544 long_c03_v1_D08 4.5s
377/544 long_c04_v0_A 4.5s
378/544 long_c04_v0_D00 4.6s
379/544 long_c04_v0_D08 4.4s
380/544 long_c04_v1_A 4.7s
381/544 long_c04_v1_D00 4.8s
382/544 long_c04_v1_D08 4.8s
383/544 long_c05_v0_A 4.7s
384/544 long_c05_v0_D00 4.6s
385/544 long_c05_v0_D08 4.9s
386/544 long_c05_v1_A 4.6s
387/544 long_c05_v1_D00 4.5s
388/544 long_c05_v1_D08 4.8s
389/544 long_c06_v0_A 4.6s
390/544 long_c06_v0_D00 4.3s
391/544 long_c06_v0_D08 4.5s
392/544 long_c06_v1_A 4.4s
393/544 long_c06_v1_D00 4.1s
394/544 long_c06_v1_D08 4.1s
395/544 long_c07_v0_A 3.9s
396/544 long_c07_v0_D00 4.1s
397/544 long_c07_v0_D08 3.9s
398/544 long_c07_v1_A 4.2s
399/544 long_c07_v1_D00 4.0s
400/544 long_c07_v1_D08 3.9s
401/544 size27_c00_v0_A 11.8s
402/544 size27_c00_v0_D00 12.0s
403/544 size27_c00_v0_D26 11.9s
404/544 size27_c00_v1_A 12.2s
405/544 size27_c00_v1_D00 10.5s
406/544 size27_c00_v1_D26 11.0s
407/544 size27_c01_v0_A 10.5s
408/544 size27_c01_v0_D00 10.2s
409/544 size27_c01_v0_D26 11.1s
410/544 size27_c01_v1_A 10.9s
411/544 size27_c01_v1_D00 11.2s
412/544 size27_c01_v1_D26 11.5s
413/544 size27_c02_v0_A 10.0s
414/544 size27_c02_v0_D00 10.0s
415/544 size27_c02_v0_D26 10.2s
416/544 size27_c02_v1_A 9.7s
417/544 size27_c02_v1_D00 9.3s
418/544 size27_c02_v1_D26 10.1s
419/544 size27_c03_v0_A 9.6s
420/544 size27_c03_v0_D00 9.7s
421/544 size27_c03_v0_D26 9.7s
422/544 size27_c03_v1_A 10.5s
423/544 size27_c03_v1_D00 10.3s
424/544 size27_c03_v1_D26 10.7s
425/544 size27_c04_v0_A 11.5s
426/544 size27_c04_v0_D00 11.7s
427/544 size27_c04_v0_D26 11.5s
428/544 size27_c04_v1_A 12.3s
429/544 size27_c04_v1_D00 13.0s
430/544 size27_c04_v1_D26 12.8s
431/544 size27_c05_v0_A 12.5s
432/544 size27_c05_v0_D00 12.6s
433/544 size27_c05_v0_D26 10.5s
434/544 size27_c05_v1_A 10.5s
435/544 size27_c05_v1_D00 11.2s
436/544 size27_c05_v1_D26 10.5s
437/544 size27_c06_v0_A 10.0s
438/544 size27_c06_v0_D00 9.4s
439/544 size27_c06_v0_D26 10.0s
440/544 size27_c06_v1_A 9.9s
441/544 size27_c06_v1_D00 10.6s
442/544 size27_c06_v1_D26 10.5s
443/544 size27_c07_v0_A 10.4s
444/544 size27_c07_v0_D00 10.8s
445/544 size27_c07_v0_D26 10.5s
446/544 size27_c07_v1_A 10.8s
447/544 size27_c07_v1_D00 11.5s
448/544 size27_c07_v1_D26 11.1s
449/544 wall_c00_v0_A 1.7s
450/544 wall_c00_v0_D00 1.7s
451/544 wall_c00_v0_D08 1.5s
452/544 wall_c00_v1_A 1.2s
453/544 wall_c00_v1_D00 1.3s
454/544 wall_c00_v1_D08 1.4s
455/544 wall_c01_v0_A 1.3s
456/544 wall_c01_v0_D00 1.3s
457/544 wall_c01_v0_D08 1.3s
458/544 wall_c01_v1_A 1.3s
459/544 wall_c01_v1_D00 1.2s
460/544 wall_c01_v1_D08 1.3s
461/544 wall_c02_v0_A 1.2s
462/544 wall_c02_v0_D00 1.3s
463/544 wall_c02_v0_D08 1.5s
464/544 wall_c02_v1_A 1.4s
465/544 wall_c02_v1_D00 1.3s
466/544 wall_c02_v1_D08 1.3s
467/544 wall_c03_v0_A 1.3s
468/544 wall_c03_v0_D00 1.4s
469/544 wall_c03_v0_D08 1.3s
470/544 wall_c03_v1_A 1.4s
471/544 wall_c03_v1_D00 1.4s
472/544 wall_c03_v1_D08 1.3s
473/544 wall_c04_v0_A 1.3s
474/544 wall_c04_v0_D00 1.3s
475/544 wall_c04_v0_D08 1.3s
476/544 wall_c04_v1_A 1.3s
477/544 wall_c04_v1_D00 1.3s
478/544 wall_c04_v1_D08 1.2s
479/544 wall_c05_v0_A 1.3s
480/544 wall_c05_v0_D00 1.3s
481/544 wall_c05_v0_D08 1.3s
482/544 wall_c05_v1_A 1.3s
483/544 wall_c05_v1_D00 1.3s
484/544 wall_c05_v1_D08 1.3s
485/544 wall_c06_v0_A 1.3s
486/544 wall_c06_v0_D00 1.3s
487/544 wall_c06_v0_D08 1.4s
488/544 wall_c06_v1_A 1.3s
489/544 wall_c06_v1_D00 1.4s
490/544 wall_c06_v1_D08 1.2s
491/544 wall_c07_v0_A 1.3s
492/544 wall_c07_v0_D00 1.3s
493/544 wall_c07_v0_D08 1.3s
494/544 wall_c07_v1_A 1.3s
495/544 wall_c07_v1_D00 1.4s
496/544 wall_c07_v1_D08 1.4s
497/544 halfdt_c00_v0_A 3.5s
498/544 halfdt_c00_v0_D00 3.4s
499/544 halfdt_c00_v0_D08 3.5s
500/544 halfdt_c00_v1_A 3.4s
501/544 halfdt_c00_v1_D00 3.5s
502/544 halfdt_c00_v1_D08 3.5s
503/544 halfdt_c01_v0_A 3.5s
504/544 halfdt_c01_v0_D00 3.6s
505/544 halfdt_c01_v0_D08 3.4s
506/544 halfdt_c01_v1_A 3.7s
507/544 halfdt_c01_v1_D00 3.7s
508/544 halfdt_c01_v1_D08 3.6s
509/544 halfdt_c02_v0_A 3.4s
510/544 halfdt_c02_v0_D00 3.2s
511/544 halfdt_c02_v0_D08 3.5s
512/544 halfdt_c02_v1_A 3.3s
513/544 halfdt_c02_v1_D00 3.2s
514/544 halfdt_c02_v1_D08 3.3s
515/544 halfdt_c03_v0_A 3.3s
516/544 halfdt_c03_v0_D00 3.5s
517/544 halfdt_c03_v0_D08 3.4s
518/544 halfdt_c03_v1_A 3.7s
519/544 halfdt_c03_v1_D00 3.4s
520/544 halfdt_c03_v1_D08 3.5s
521/544 friction_c00_v0_A 1.3s
522/544 friction_c00_v0_D00 1.3s
523/544 friction_c00_v0_D08 1.3s
524/544 friction_c00_v1_A 1.2s
525/544 friction_c00_v1_D00 1.2s
526/544 friction_c00_v1_D08 1.3s
527/544 friction_c01_v0_A 1.2s
528/544 friction_c01_v0_D00 1.2s
529/544 friction_c01_v0_D08 1.2s
530/544 friction_c01_v1_A 1.2s
531/544 friction_c01_v1_D00 1.2s
532/544 friction_c01_v1_D08 1.3s
533/544 friction_c02_v0_A 1.4s
534/544 friction_c02_v0_D00 1.4s
535/544 friction_c02_v0_D08 1.4s
536/544 friction_c02_v1_A 1.3s
537/544 friction_c02_v1_D00 1.4s
538/544 friction_c02_v1_D08 1.4s
539/544 friction_c03_v0_A 1.5s
540/544 friction_c03_v0_D00 1.5s
541/544 friction_c03_v0_D08 1.4s
542/544 friction_c03_v1_A 1.6s
543/544 friction_c03_v1_D00 1.4s
544/544 friction_c03_v1_D08 1.3s
