3
 energy: -5.070386308923 gnorm: 0.007437695008 xtb: 6.7.1pre (5071a88)
O            0.00000000000000        0.00000000000000        0.00000000000000
H            0.75906199079409        0.00000000000000        0.58772858883307
H           -0.75906199079409        0.00000000000000        0.58772858883307
3
 energy: -5.070495650051 gnorm: 0.004720588519 xtb: 6.7.1pre (5071a88)
O           -0.00000000073485        0.00000000000000        0.00518237023513
H            0.76559245715909       -0.00000000000000        0.58513740400008
H           -0.76559245642424       -0.00000000000000        0.58513740343093
3
 energy: -5.070543848868 gnorm: 0.000984865810 xtb: 6.7.1pre (5071a88)
O           -0.00000000073485        0.00000000000000        0.01194725984823
H            0.77234343878045       -0.00000000000000        0.58175495919353
H           -0.77234343804560       -0.00000000000000        0.58175495862438
3
 energy: -5.070544425533 gnorm: 0.000152573790 xtb: 6.7.1pre (5071a88)
O            0.00000000009167        0.00000000000000        0.01260825204372
H            0.77226329940207       -0.00000000000000        0.58142446277571
H           -0.77226329949374       -0.00000000000000        0.58142446284671
3
 energy: -5.070544446870 gnorm: 0.000018469884 xtb: 6.7.1pre (5071a88)
O            0.00000000004001        0.00000000000000        0.01243196419144
H            0.77215309047958       -0.00000000000000        0.58151260672185
H           -0.77215309051959       -0.00000000000000        0.58151260675285
